[{"id":1,"name":"Test","createdAt":"2025-12-09T00:00:00-18:00","createdBy":"System","updatedAt":"2025-12-09T00:00:00-18:00","updatedBy":"System"}]